[    0.000000] Booting Linux on physical CPU 0x0
[    0.000000] Linux version 5.10.170 (root@30b03bf3317f) (arm-linux-gnueabihf-gcc (Debian 12.2.0-14) 12.2.0, GNU ld (GNU Binutils for Debian) 2.40) #1 SMP PREEMPT Mon Aug 7 18:07:05 UTC 2023
[    0.000000] CPU: ARMv7 Processor [412fc09a] revision 10 (ARMv7), cr=10c5387d
[    0.000000] CPU: PIPT / VIPT nonaliasing data cache, VIPT aliasing instruction cache
[    0.000000] OF: fdt: Machine model: embeddedTS i.MX6 Quad TS-4900 (Default Device Tree)
[    0.000000] Memory policy: Data cache writealloc
[    0.000000] efi: UEFI not found.
[    0.000000] cma: Reserved 64 MiB at 0x8c000000
[    0.000000] Zone ranges:
[    0.000000]   Normal   [mem 0x0000000010000000-0x000000003fffffff]
[    0.000000]   HighMem  [mem 0x0000000040000000-0x000000008fffffff]
[    0.000000] Movable zone start for each node
[    0.000000] Early memory node ranges
[    0.000000]   node   0: [mem 0x0000000010000000-0x000000008fffffff]
[    0.000000] Initmem setup node 0 [mem 0x0000000010000000-0x000000008fffffff]
[    0.000000] On node 0 totalpages: 524288
[    0.000000]   Normal zone: 1728 pages used for memmap
[    0.000000]   Normal zone: 0 pages reserved
[    0.000000]   Normal zone: 196608 pages, LIFO batch:63
[    0.000000]   HighMem zone: 327680 pages, LIFO batch:63
[    0.000000] percpu: Embedded 16 pages/cpu s33804 r8192 d23540 u65536
[    0.000000] pcpu-alloc: s33804 r8192 d23540 u65536 alloc=16*4096
[    0.000000] pcpu-alloc: [0] 0 [0] 1 [0] 2 [0] 3 
[    0.000000] Built 1 zonelists, mobility grouping on.  Total pages: 522560
[    0.000000] Kernel command line: root=/dev/mmcblk1p1 rootwait rw console=ttymxc0,115200 ro init=/sbin/init
[    0.000000] Dentry cache hash table entries: 131072 (order: 7, 524288 bytes, linear)
[    0.000000] Inode-cache hash table entries: 65536 (order: 6, 262144 bytes, linear)
[    0.000000] mem auto-init: stack:all(zero), heap alloc:off, heap free:off
[    0.000000] Memory: 1996084K/2097152K available (9216K kernel code, 1123K rwdata, 2988K rodata, 1024K init, 421K bss, 35532K reserved, 65536K cma-reserved, 1245184K highmem)
[    0.000000] SLUB: HWalign=64, Order=0-3, MinObjects=0, CPUs=4, Nodes=1
[    0.000000] rcu: Preemptible hierarchical RCU implementation.
[    0.000000] rcu: 	RCU event tracing is enabled.
[    0.000000] 	Trampoline variant of Tasks RCU enabled.
[    0.000000] 	Tracing variant of Tasks RCU enabled.
[    0.000000] rcu: RCU calculated value of scheduler-enlistment delay is 10 jiffies.
[    0.000000] NR_IRQS: 16, nr_irqs: 16, preallocated irqs: 16
[    0.000000] L2C: DT/platform modifies aux control register: 0x32070000 -> 0x32470000
[    0.000000] L2C-310 errata 752271 769419 enabled
[    0.000000] L2C-310 enabling early BRESP for Cortex-A9
[    0.000000] L2C-310 full line of zeros enabled for Cortex-A9
[    0.000000] L2C-310 ID prefetch enabled, offset 16 lines
[    0.000000] L2C-310 dynamic clock gating enabled, standby mode enabled
[    0.000000] L2C-310 cache controller enabled, 16 ways, 1024 kB
[    0.000000] L2C-310: CACHE_ID 0x410000c7, AUX_CTRL 0x76470001
[    0.000000] Switching to timer-based delay loop, resolution 333ns
[    0.000007] sched_clock: 32 bits at 3000kHz, resolution 333ns, wraps every 715827882841ns
[    0.000026] clocksource: mxc_timer1: mask: 0xffffffff max_cycles: 0xffffffff, max_idle_ns: 637086815595 ns
[    0.001237] Console: colour dummy device 80x30
[    0.001277] Calibrating delay loop (skipped), value calculated using timer frequency.. 6.00 BogoMIPS (lpj=30000)
[    0.001295] pid_max: default: 32768 minimum: 301
[    0.001461] Mount-cache hash table entries: 2048 (order: 1, 8192 bytes, linear)
[    0.001478] Mountpoint-cache hash table entries: 2048 (order: 1, 8192 bytes, linear)
[    0.002384] CPU: Testing write buffer coherency: ok
[    0.002421] CPU0: Spectre v2: using BPIALL workaround
[    0.002695] CPU0: thread -1, cpu 0, socket 0, mpidr 80000000
[    0.003728] Setting up static identity map for 0x10100000 - 0x10100060
[    0.003920] rcu: Hierarchical SRCU implementation.
[    0.004504] EFI services will not be available.
[    0.004822] smp: Bringing up secondary CPUs ...
[    0.005753] CPU1: thread -1, cpu 1, socket 0, mpidr 80000001
[    0.005761] CPU1: Spectre v2: using BPIALL workaround
[    0.006836] CPU2: thread -1, cpu 2, socket 0, mpidr 80000002
[    0.006844] CPU2: Spectre v2: using BPIALL workaround
[    0.007837] CPU3: thread -1, cpu 3, socket 0, mpidr 80000003
[    0.007847] CPU3: Spectre v2: using BPIALL workaround
[    0.007987] smp: Brought up 1 node, 4 CPUs
[    0.008001] SMP: Total of 4 processors activated (24.00 BogoMIPS).
[    0.008012] CPU: All CPU(s) started in SVC mode.
[    0.008530] devtmpfs: initialized
[    0.016468] VFP support v0.3: implementor 41 architecture 3 part 30 variant 9 rev 4
[    0.016732] clocksource: jiffies: mask: 0xffffffff max_cycles: 0xffffffff, max_idle_ns: 19112604462750000 ns
[    0.016761] futex hash table entries: 1024 (order: 4, 65536 bytes, linear)
[    0.020425] pinctrl core: initialized pinctrl subsystem
[    0.021183] DMI not present or invalid.
[    0.022008] NET: Registered protocol family 16
[    0.029397] DMA: preallocated 256 KiB pool for atomic coherent allocations
[    0.030574] thermal_sys: Registered thermal governor 'step_wise'
[    0.030802] cpuidle: using governor menu
[    0.030881] CPU identified as i.MX6Q, silicon rev 1.6
[    0.238456] vdd1p1: supplied by regulator-dummy
[    0.247928] vdd3p0: supplied by regulator-dummy
[    0.257335] vdd2p5: supplied by regulator-dummy
[    0.266698] vddarm: supplied by regulator-dummy
[    0.276258] vddpu: supplied by regulator-dummy
[    0.285530] vddsoc: supplied by regulator-dummy
[    0.639239] No ATAGs?
[    0.639454] hw-breakpoint: found 5 (+1 reserved) breakpoint and 1 watchpoint registers.
[    0.639467] hw-breakpoint: maximum watchpoint size is 4 bytes.
[    0.640415] imx6q-pinctrl 20e0000.pinctrl: initialized IMX pinctrl driver
[    0.665823] vgaarb: loaded
[    0.666178] SCSI subsystem initialized
[    0.666426] libata version 3.00 loaded.
[    0.666667] usbcore: registered new interface driver usbfs
[    0.666718] usbcore: registered new interface driver hub
[    0.666767] usbcore: registered new device driver usb
[    0.666901] usb_phy_generic usbphynop1: supply vcc not found, using dummy regulator
[    0.667070] usb_phy_generic usbphynop1: dummy supplies not allowed for exclusive requests
[    0.667207] usb_phy_generic usbphynop2: supply vcc not found, using dummy regulator
[    0.667348] usb_phy_generic usbphynop2: dummy supplies not allowed for exclusive requests
[    0.668869] i2c i2c-0: IMX I2C adapter registered
[    0.670002] i2c i2c-1: IMX I2C adapter registered
[    0.670344] pps_core: LinuxPPS API ver. 1 registered
[    0.670357] pps_core: Software ver. 5.3.6 - Copyright 2005-2007 Rodolfo Giometti <giometti@linux.it>
[    0.670381] PTP clock support registered
[    0.672166] clocksource: Switched to clocksource mxc_timer1
[    0.672407] VFS: Disk quotas dquot_6.6.0
[    0.672479] VFS: Dquot-cache hash table entries: 1024 (order 0, 4096 bytes)
[    0.681966] NET: Registered protocol family 2
[    0.682346] IP idents hash table entries: 16384 (order: 5, 131072 bytes, linear)
[    0.683939] tcp_listen_portaddr_hash hash table entries: 512 (order: 0, 6144 bytes, linear)
[    0.684003] TCP established hash table entries: 8192 (order: 3, 32768 bytes, linear)
[    0.684086] TCP bind hash table entries: 8192 (order: 4, 65536 bytes, linear)
[    0.684218] TCP: Hash tables configured (established 8192 bind 8192)
[    0.684417] MPTCP token hash table entries: 1024 (order: 2, 16384 bytes, linear)
[    0.684481] UDP hash table entries: 512 (order: 2, 16384 bytes, linear)
[    0.684538] UDP-Lite hash table entries: 512 (order: 2, 16384 bytes, linear)
[    0.684791] NET: Registered protocol family 1
[    0.685452] RPC: Registered named UNIX socket transport module.
[    0.685467] RPC: Registered udp transport module.
[    0.685476] RPC: Registered tcp transport module.
[    0.685486] RPC: Registered tcp NFSv4.1 backchannel transport module.
[    0.685502] NET: Registered protocol family 44
[    0.685523] PCI: CLS 0 bytes, default 64
[    0.685978] hw perfevents: no interrupt-affinity property for /pmu, guessing.
[    0.686250] hw perfevents: enabled with armv7_cortex_a9 PMU driver, 7 counters available
[    0.687986] Initialise system trusted keyrings
[    0.688238] workingset: timestamp_bits=14 max_order=19 bucket_order=5
[    0.790494] Key type asymmetric registered
[    0.790515] Asymmetric key parser 'x509' registered
[    0.790573] bounce: pool size: 64 pages
[    0.790624] Block layer SCSI generic (bsg) driver version 0.4 loaded (major 248)
[    0.790640] io scheduler mq-deadline registered
[    0.790653] io scheduler kyber registered
[    0.820159] imx6q-pcie 1ffc000.pcie: host bridge /soc/pcie@1ffc000 ranges:
[    0.820210] imx6q-pcie 1ffc000.pcie:       IO 0x0001f80000..0x0001f8ffff -> 0x0000000000
[    0.820239] imx6q-pcie 1ffc000.pcie:      MEM 0x0001000000..0x0001efffff -> 0x0001000000
[    0.824795] imx-sdma 20ec000.dma-controller: loaded firmware 3.5
[    0.827901] 2020000.serial: ttymxc0 at MMIO 0x2020000 (irq = 34, base_baud = 5000000) is a IMX
[    1.610234] printk: console [ttymxc0] enabled
[    1.615978] 21e8000.serial: ttymxc1 at MMIO 0x21e8000 (irq = 72, base_baud = 5000000) is a IMX
[    1.625548] 21ec000.serial: ttymxc2 at MMIO 0x21ec000 (irq = 73, base_baud = 5000000) is a IMX
[    1.635161] 21f0000.serial: ttymxc3 at MMIO 0x21f0000 (irq = 74, base_baud = 5000000) is a IMX
[    1.644735] 21f4000.serial: ttymxc4 at MMIO 0x21f4000 (irq = 75, base_baud = 5000000) is a IMX
[    1.665643] etnaviv etnaviv: bound 130000.gpu (ops gpu_ops)
[    1.671476] etnaviv etnaviv: bound 134000.gpu (ops gpu_ops)
[    1.677319] etnaviv etnaviv: bound 2204000.gpu (ops gpu_ops)
[    1.683017] etnaviv-gpu 130000.gpu: model: GC2000, revision: 5108
[    1.689258] etnaviv-gpu 134000.gpu: model: GC320, revision: 5007
[    1.695369] etnaviv-gpu 2204000.gpu: model: GC355, revision: 1215
[    1.701474] etnaviv-gpu 2204000.gpu: Ignoring GPU with VG and FE2.0
[    1.708243] [drm] Initialized etnaviv 1.3.0 20151214 for etnaviv on minor 0
[    1.716833] imx-ipuv3 2400000.ipu: IPUv3H probed
[    1.723063] imx-drm display-subsystem: bound imx-ipuv3-crtc.2 (ops ipu_crtc_ops)
[    1.730575] imx-drm display-subsystem: bound imx-ipuv3-crtc.3 (ops ipu_crtc_ops)
[    1.738133] imx-drm display-subsystem: bound imx-ipuv3-crtc.6 (ops ipu_crtc_ops)
[    1.745650] imx-drm display-subsystem: bound imx-ipuv3-crtc.7 (ops ipu_crtc_ops)
[    1.753394] [drm] Initialized imx-drm 1.0.0 20120507 for display-subsystem on minor 1
[    1.761272] imx-ipuv3 2800000.ipu: IPUv3H probed
[    1.774421] brd: module loaded
[    1.786676] loop: module loaded
[    1.790049] at24 0-0057: supply vcc not found, using dummy regulator
[    1.797537] at24 0-0057: 128 byte 24c01 EEPROM, writable, 128 bytes/write
[    1.805386] ahci-imx 2200000.sata: fsl,transmit-level-mV not specified, using 00000024
[    1.813342] ahci-imx 2200000.sata: fsl,transmit-boost-mdB not specified, using 00000480
[    1.821355] ahci-imx 2200000.sata: fsl,transmit-atten-16ths not specified, using 00002000
[    1.829559] ahci-imx 2200000.sata: fsl,receive-eq-mdB not specified, using 05000000
[    1.837303] ahci-imx 2200000.sata: supply ahci not found, using dummy regulator
[    1.844795] ahci-imx 2200000.sata: supply phy not found, using dummy regulator
[    1.852082] ahci-imx 2200000.sata: supply target not found, using dummy regulator
[    1.862253] ahci-imx 2200000.sata: SSS flag set, parallel bus scan disabled
[    1.869253] ahci-imx 2200000.sata: AHCI 0001.0300 32 slots 1 ports 3 Gbps 0x1 impl platform mode
[    1.878086] ahci-imx 2200000.sata: flags: ncq sntf stag pm led clo only pmp pio slum part ccc apst 
[    1.888614] scsi host0: ahci-imx
[    1.892189] ata1: SATA max UDMA/133 mmio [mem 0x02200000-0x02203fff] port 0x100 irq 78
[    1.902697] spi-nor spi0.0: is25lp064 (8192 Kbytes)
[    1.918826] pps pps0: new PPS source ptp0
[    1.927217] fec 2188000.ethernet eth0: registered PHC device 0
[    1.934038] ehci_hcd: USB 2.0 'Enhanced' Host Controller (EHCI) Driver
[    1.940576] ehci-pci: EHCI PCI platform driver
[    1.945105] ehci-mxc: Freescale On-Chip EHCI Host driver
[    1.950719] usbcore: registered new interface driver usb-storage
[    1.965270] hwmon hwmon0: temp1_input not attached to any thermal zone
[    1.973493] rtc-isl12022 0-006f: Total power failure, RTC data is invalid.
[    1.980563] rtc-isl12022 0-006f: registered as rtc0
[    1.987147] rtc-isl12022 0-006f: Total power failure, RTC data is invalid.
[    1.994109] rtc-isl12022 0-006f: hctosys: unable to read the hardware clock
[    2.001275] i2c /dev entries driver
[    2.007480] sdhci: Secure Digital Host Controller Interface driver
[    2.013696] sdhci: Copyright(c) Pierre Ossman
[    2.018059] sdhci-pltfm: SDHCI platform and OF driver helper
[    2.027216] caam 2100000.crypto: Entropy delay = 3200
[    2.057310] mmc1: SDHCI controller on 2194000.mmc [2194000.mmc] using ADMA
[    2.057566] imx6q-pcie 1ffc000.pcie: Phy link never came up
[    2.069896] mmc2: SDHCI controller on 2198000.mmc [2198000.mmc] using ADMA
[    2.080637] imx6q-pcie 1ffc000.pcie: PCI host bridge to bus 0000:00
[    2.087004] pci_bus 0000:00: root bus resource [bus 00-ff]
[    2.092662] pci_bus 0000:00: root bus resource [io  0x0000-0xffff]
[    2.093084] caam 2100000.crypto: Instantiated RNG4 SH0
[    2.098990] pci_bus 0000:00: root bus resource [mem 0x01000000-0x01efffff]
[    2.111055] pci 0000:00:00.0: [16c3:abcd] type 01 class 0x060400
[    2.117239] pci 0000:00:00.0: reg 0x10: [mem 0x00000000-0x000fffff]
[    2.123645] pci 0000:00:00.0: reg 0x38: [mem 0x00000000-0x0000ffff pref]
[    2.130486] pci 0000:00:00.0: Limiting cfg_size to 512
[    2.135787] pci 0000:00:00.0: supports D1
[    2.139907] pci 0000:00:00.0: PME# supported from D0 D1 D3hot D3cold
[    2.149685] PCI: bus0: Fast back to back transfers disabled
[    2.153847] caam 2100000.crypto: Instantiated RNG4 SH1
[    2.158263] PCI: bus1: Fast back to back transfers enabled
[    2.160412] caam 2100000.crypto: device ID = 0x0a16010000000000 (Era 4)
[    2.160420] caam 2100000.crypto: job rings = 2, qi = 0
[    2.169637] caam algorithms registered in /proc/crypto
[    2.172723] pci 0000:00:00.0: BAR 0: assigned [mem 0x01000000-0x010fffff]
[    2.179699] caam 2100000.crypto: registering rng-caam
[    2.183177] pci 0000:00:00.0: BAR 6: assigned [mem 0x01100000-0x0110ffff pref]
[    2.202490] pci 0000:00:00.0: PCI bridge to [bus 01-ff]
[    2.215593] usbcore: registered new interface driver usbhid
[    2.221175] usbhid: USB HID core driver
[    2.227415] NET: Registered protocol family 10
[    2.235743] Segment Routing with IPv6
[    2.237046] mmc2: new DDR MMC card at address 0001
[    2.239419] RPL Segment Routing with IPv6
[    2.244912] mmcblk2: mmc2:0001 Q2J54A 3.59 GiB 
[    2.249061] NET: Registered protocol family 17
[    2.253128] mmcblk2boot0: mmc2:0001 Q2J54A partition 1 16.0 MiB
[    2.257571] Key type dns_resolver registered
[    2.263515] mmcblk2boot1: mmc2:0001 Q2J54A partition 2 16.0 MiB
[    2.273759] mmcblk2rpmb: mmc2:0001 Q2J54A partition 3 512 KiB, chardev (245:0)
[    2.281375] Registering SWP/SWPB emulation handler
[    2.283676]  mmcblk2: p1 p2
[    2.289285] Loading compiled-in X.509 certificates
[    2.325478] ci_hdrc ci_hdrc.1: EHCI Host Controller
[    2.330409] ci_hdrc ci_hdrc.1: new USB bus registered, assigned bus number 1
[    2.362372] ci_hdrc ci_hdrc.1: USB 2.0 started, EHCI 1.00
[    2.368318] usb usb1: New USB device found, idVendor=1d6b, idProduct=0002, bcdDevice= 5.10
[    2.368478] mmc1: new high speed SDHC card at address 0001
[    2.376658] usb usb1: New USB device strings: Mfr=3, Product=2, SerialNumber=1
[    2.376677] usb usb1: Product: EHCI Host Controller
[    2.383470] mmcblk1: mmc1:0001 0008G 7.54 GiB 
[    2.389423] usb usb1: Manufacturer: Linux 5.10.170 ehci_hcd
[    2.392227] ata1: SATA link up 3.0 Gbps (SStatus 123 SControl 300)
[    2.392401] ata1.00: ATA-10: INTEL SSDSC2KG960G8, XCV10100, max UDMA/133
[    2.392410] ata1.00: 1875385008 sectors, multi 1: LBA48 NCQ (depth 32)
[    2.392611] ata1.00: configured for UDMA/133
[    2.392986] scsi 0:0:0:0: Direct-Access     ATA      INTEL SSDSC2KG96 0100 PQ: 0 ANSI: 5
[    2.394576] ata1.00: Enabling discard_zeroes_data
[    2.396986] random: crng init done
[    2.398749] usb usb1: SerialNumber: ci_hdrc.1
[    2.405582] sd 0:0:0:0: [sda] 1875385008 512-byte logical blocks: (960 GB/894 GiB)
[    2.411030] hub 1-0:1.0: USB hub found
[    2.417297]  mmcblk1: p1
[    2.422208] sd 0:0:0:0: [sda] 4096-byte physical blocks
[    2.422280] sd 0:0:0:0: [sda] Write Protect is off
[    2.422288] sd 0:0:0:0: [sda] Mode Sense: 00 3a 00 00
[    2.422371] sd 0:0:0:0: [sda] Write cache: enabled, read cache: enabled, doesn't support DPO or FUA
[    2.423838] hub 1-0:1.0: 1 port detected
[    2.428561] ata1.00: Enabling discard_zeroes_data
[    2.437338] imx_thermal 20c8000.anatop:tempmon: Extended Commercial CPU temperature grade - max:105C critical:100C passive:95C
[    2.444434]  sda: sda1
[    2.506059] ata1.00: Enabling discard_zeroes_data
[    2.511331] sd 0:0:0:0: [sda] Attached SCSI disk
[    2.617514] mmc0: SDHCI controller on 2190000.mmc [2190000.mmc] using ADMA
[    2.632132] EXT4-fs (mmcblk1p1): mounting ext3 file system using the ext4 subsystem
[    2.660711] EXT4-fs (mmcblk1p1): mounted filesystem with ordered data mode. Opts: (null)
[    2.668979] VFS: Mounted root (ext3 filesystem) readonly on device 179:25.
[    2.684925] devtmpfs: mounted
[    2.689138] Freeing unused kernel memory: 1024K
[    2.694068] Run /sbin/init as init process
[    2.698170]   with arguments:
[    2.698175]     /sbin/init
[    2.698180]   with environment:
[    2.698186]     HOME=/
[    2.698191]     TERM=linux
[    2.722209] usb 1-1: new high-speed USB device number 2 using ci_hdrc
[    2.932989] usb 1-1: New USB device found, idVendor=0424, idProduct=2514, bcdDevice= b.b3
[    2.941219] usb 1-1: New USB device strings: Mfr=0, Product=0, SerialNumber=0
[    2.949623] hub 1-1:1.0: USB hub found
[    2.953744] hub 1-1:1.0: 4 ports detected
[    3.282292] usb 1-1.1: new full-speed USB device number 3 using ci_hdrc
[    3.377158] systemd[1]: System time before build time, advancing clock.
[    3.439060] usb 1-1.1: New USB device found, idVendor=0403, idProduct=6001, bcdDevice= 6.00
[    3.447495] usb 1-1.1: New USB device strings: Mfr=1, Product=2, SerialNumber=3
[    3.454835] usb 1-1.1: Product: USB-RS422 Cable
[    3.459380] usb 1-1.1: Manufacturer: FTDI
[    3.463448] usb 1-1.1: SerialNumber: FTVWJYS0
[    3.486490] systemd[1]: Inserted module 'autofs4'
[    3.562243] usb 1-1.2: new full-speed USB device number 4 using ci_hdrc
[    3.578841] systemd[1]: systemd 252.12-1~deb12u1 running in system mode (+PAM +AUDIT +SELINUX +APPARMOR +IMA +SMACK +SECCOMP +GCRYPT -GNUTLS +OPENSSL +ACL +BLKID +CURL +ELFUTILS +FIDO2 +IDN2 -IDN +IPTC +KMOD +LIBCRYPTSETUP +LIBFDISK +PCRE2 -PWQUALITY +P11KIT +QRENCODE +TPM2 +BZIP2 +LZ4 +XZ +ZLIB +ZSTD -BPF_FRAMEWORK -XKBCOMMON +UTMP +SYSVINIT default-hierarchy=unified)
[    3.611953] systemd[1]: Detected architecture arm.
[    3.658327] systemd[1]: Hostname set to <gusto-data>.
[    3.734338] usb 1-1.2: New USB device found, idVendor=16c0, idProduct=0483, bcdDevice= 2.77
[    3.743583] usb 1-1.2: New USB device strings: Mfr=1, Product=2, SerialNumber=3
[    3.751025] usb 1-1.2: Product: USB Serial
[    3.794197] usb 1-1.2: Manufacturer: Teensyduino
[    3.800259] usb 1-1.2: SerialNumber: B1LO_CTRL
[    3.942237] usb 1-1.3: new full-speed USB device number 5 using ci_hdrc
[    4.103685] usb 1-1.3: New USB device found, idVendor=16c0, idProduct=0483, bcdDevice= 2.77
[    4.112049] usb 1-1.3: New USB device strings: Mfr=1, Product=2, SerialNumber=3
[    4.122682] usb 1-1.3: Product: USB Serial
[    4.129454] usb 1-1.3: Manufacturer: Teensyduino
[    4.136161] usb 1-1.3: SerialNumber: B2LO_CTRL
[    4.242212] usb 1-1.4: new full-speed USB device number 6 using ci_hdrc
[    4.382338] systemd[1]: /etc/systemd/system/fixup-nfsboot.service:7: Unknown key name 'After' in section 'Service', ignoring.
[    4.393814] systemd[1]: /etc/systemd/system/fixup-nfsboot.service:8: Unknown key name 'Wants' in section 'Service', ignoring.
[    4.406174] usb 1-1.4: New USB device found, idVendor=16c0, idProduct=0483, bcdDevice= 2.77
[    4.414666] usb 1-1.4: New USB device strings: Mfr=1, Product=2, SerialNumber=3
[    4.421980] usb 1-1.4: Product: USB Serial
[    4.426105] usb 1-1.4: Manufacturer: Teensyduino
[    4.430727] usb 1-1.4: SerialNumber: B3LO_CTRL
[    4.705094] systemd[1]: Queued start job for default target graphical.target.
[    4.721043] systemd[1]: Created slice system-modprobe.slice - Slice /system/modprobe.
[    4.768374] systemd[1]: Created slice system-serial\x2dgetty.slice - Slice /system/serial-getty.
[    4.818313] systemd[1]: Created slice system-systemd\x2dfsck.slice - Slice /system/systemd-fsck.
[    4.865981] systemd[1]: Created slice user.slice - User and Session Slice.
[    4.903697] systemd[1]: Started systemd-ask-password-console.path - Dispatch Password Requests to Console Directory Watch.
[    4.942737] systemd[1]: Started systemd-ask-password-wall.path - Forward Password Requests to Wall Directory Watch.
[    4.984607] systemd[1]: Set up automount proc-sys-fs-binfmt_misc.automount - Arbitrary Executable File Formats File System Automount Point.
[    5.033564] systemd[1]: Reached target cryptsetup.target - Local Encrypted Volumes.
[    5.072706] systemd[1]: Reached target integritysetup.target - Local Integrity Protected Volumes.
[    5.113292] systemd[1]: Reached target nss-lookup.target - Host and Network Name Lookups.
[    5.153031] systemd[1]: Reached target paths.target - Path Units.
[    5.192768] systemd[1]: Reached target slices.target - Slice Units.
[    5.232962] systemd[1]: Reached target swap.target - Swaps.
[    5.272978] systemd[1]: Reached target veritysetup.target - Local Verity Protected Volumes.
[    5.351843] systemd[1]: Listening on rpcbind.socket - RPCbind Server Activation Socket.
[    5.394203] systemd[1]: Listening on systemd-fsckd.socket - fsck to fsckd communication Socket.
[    5.433400] systemd[1]: Listening on systemd-initctl.socket - initctl Compatibility Named Pipe.
[    5.496419] systemd[1]: systemd-journald-audit.socket - Journal Audit Socket was skipped because of an unmet condition check (ConditionSecurity=audit).
[    5.511057] systemd[1]: Listening on systemd-journald-dev-log.socket - Journal Socket (/dev/log).
[    5.554710] systemd[1]: Listening on systemd-journald.socket - Journal Socket.
[    5.601632] systemd[1]: Listening on systemd-udevd-control.socket - udev Control Socket.
[    5.644171] systemd[1]: Listening on systemd-udevd-kernel.socket - udev Kernel Socket.
[    5.684242] systemd[1]: dev-hugepages.mount - Huge Pages File System was skipped because of an unmet condition check (ConditionPathExists=/sys/kernel/mm/hugepages).
[    5.705195] systemd[1]: Mounting dev-mqueue.mount - POSIX Message Queue File System...
[    5.748406] systemd[1]: Mounting proc-fs-nfsd.mount - NFSD configuration filesystem...
[    5.814050] systemd[1]: Mounting sys-kernel-debug.mount - Kernel Debug File System...
[    5.853556] systemd[1]: sys-kernel-tracing.mount - Kernel Trace File System was skipped because of an unmet condition check (ConditionPathExists=/sys/kernel/tracing).
[    5.869995] systemd[1]: auth-rpcgss-module.service - Kernel Module supporting RPCSEC_GSS was skipped because of an unmet condition check (ConditionPathExists=/etc/krb5.keytab).
[    5.892907] systemd[1]: Starting kmod-static-nodes.service - Create List of Static Device Nodes...
[    5.941516] systemd[1]: Starting modprobe@configfs.service - Load Kernel Module configfs...
[    5.996609] systemd[1]: Starting modprobe@dm_mod.service - Load Kernel Module dm_mod...
[    6.040353] systemd[1]: Starting modprobe@drm.service - Load Kernel Module drm...
[    6.040843] device-mapper: ioctl: 4.43.0-ioctl (2020-10-01) initialised: dm-devel@redhat.com
[    6.106227] systemd[1]: Starting modprobe@efi_pstore.service - Load Kernel Module efi_pstore...
[    6.148907] systemd[1]: Starting modprobe@fuse.service - Load Kernel Module fuse...
[    6.191187] fuse: init (API version 7.32)
[    6.231948] systemd[1]: Starting modprobe@loop.service - Load Kernel Module loop...
[    6.286481] systemd[1]: Starting networking.service - Network initialization...
[    6.339580] systemd[1]: Starting systemd-fsck-root.service - File System Check on Root Device...
[    6.393406] systemd[1]: Starting systemd-journald.service - Journal Service...
[    6.424043] systemd[1]: Starting systemd-modules-load.service - Load Kernel Modules...
[    6.442363] systemd[1]: Starting systemd-udev-trigger.service - Coldplug All udev Devices...
[    6.464663] systemd[1]: Mounted dev-mqueue.mount - POSIX Message Queue File System.
[    6.473632] systemd[1]: proc-fs-nfsd.mount: Mount process exited, code=exited, status=32/n/a
[    6.484087] systemd[1]: proc-fs-nfsd.mount: Failed with result 'exit-code'.
[    6.495463] systemd[1]: Failed to mount proc-fs-nfsd.mount - NFSD configuration filesystem.
[    6.505131] systemd[1]: Dependency failed for nfs-mountd.service - NFS Mount Daemon.
[    6.515918] systemd[1]: Dependency failed for nfs-server.service - NFS server and services.
[    6.527155] systemd[1]: Dependency failed for nfs-idmapd.service - NFSv4 ID-name mapping service.
[    6.538853] systemd[1]: nfs-idmapd.service: Job nfs-idmapd.service/start failed with result 'dependency'.
[    6.551080] systemd[1]: nfs-server.service: Job nfs-server.service/start failed with result 'dependency'.
[    6.563728] systemd[1]: nfs-mountd.service: Job nfs-mountd.service/start failed with result 'dependency'.
[    6.576009] systemd[1]: Dependency failed for nfsdcld.service - NFSv4 Client Tracking Daemon.
[    6.587476] systemd[1]: nfsdcld.service: Job nfsdcld.service/start failed with result 'dependency'.
[    6.600391] systemd[1]: Mounted sys-kernel-debug.mount - Kernel Debug File System.
[    6.611062] systemd[1]: Finished kmod-static-nodes.service - Create List of Static Device Nodes.
[    6.641940] systemd[1]: modprobe@configfs.service: Deactivated successfully.
[    6.653923] systemd[1]: Finished modprobe@configfs.service - Load Kernel Module configfs.
[    6.667989] systemd[1]: modprobe@dm_mod.service: Deactivated successfully.
[    6.677220] systemd[1]: Finished modprobe@dm_mod.service - Load Kernel Module dm_mod.
[    6.755087] systemd[1]: modprobe@drm.service: Deactivated successfully.
[    6.763060] systemd[1]: Finished modprobe@drm.service - Load Kernel Module drm.
[    6.804388] systemd[1]: modprobe@efi_pstore.service: Deactivated successfully.
[    6.812871] systemd[1]: Finished modprobe@efi_pstore.service - Load Kernel Module efi_pstore.
[    6.853613] systemd[1]: Started systemd-journald.service - Journal Service.
[    7.218404] EXT4-fs (mmcblk1p1): re-mounted. Opts: (null)
[    7.469121] systemd-journald[228]: Received client request to flush runtime journal.
[    7.494281] systemd-journald[228]: File /var/log/journal/a8281aabb76084893e65167c64d14c75/system.journal corrupted or uncleanly shut down, renaming and replacing.
[    8.877474] fec 2188000.ethernet end0: renamed from eth0
[    9.240941] CAN device driver interface
[    9.265057] mc: Linux media interface: v0.10
[    9.275230] ------------[ cut here ]------------
[    9.282007] WARNING: CPU: 3 PID: 274 at drivers/spi/spidev.c:749 spidev_probe+0xf0/0x198 [spidev]
[    9.306443] videodev: Linux video capture interface: v2.00
[    9.316007] /soc/bus@2000000/spba-bus@2000000/spi@200c000/spi@1: buggy DT: spidev listed directly in DT
[    9.343649] Modules linked in: videobuf2_vmalloc videobuf2_memops videobuf2_v4l2 videobuf2_common snd_timer snd videodev soundcore spidev(+) flexcan mc can_dev uio_pdrv_genirq uio fuse dm_mod ip_tables x_tables autofs4
[    9.394904] CPU: 3 PID: 274 Comm: (udev-worker) Not tainted 5.10.170 #1
[    9.401539] Hardware name: Freescale i.MX6 Quad/DualLite (Device Tree)
[    9.408101] [<c010f200>] (unwind_backtrace) from [<c010a650>] (show_stack+0x10/0x14)
[    9.415894] [<c010a650>] (show_stack) from [<c0988040>] (dump_stack+0x94/0xa8)
[    9.423166] [<c0988040>] (dump_stack) from [<c09857a8>] (__warn+0x8c/0x100)
[    9.430164] [<c09857a8>] (__warn) from [<c09858b4>] (warn_slowpath_fmt+0x98/0xcc)
[    9.437689] [<c09858b4>] (warn_slowpath_fmt) from [<bf0ae228>] (spidev_probe+0xf0/0x198 [spidev])
[    9.446663] [<bf0ae228>] (spidev_probe [spidev]) from [<c065d650>] (spi_drv_probe+0x84/0xac)
[    9.455156] [<c065d650>] (spi_drv_probe) from [<c05e78e8>] (really_probe+0xf0/0x49c)
[    9.462928] [<c05e78e8>] (really_probe) from [<c05e7fc0>] (driver_probe_device+0x5c/0xb4)
[    9.471138] [<c05e7fc0>] (driver_probe_device) from [<c05e82bc>] (device_driver_attach+0xa8/0xb0)
[    9.480051] [<c05e82bc>] (device_driver_attach) from [<c05e8324>] (__driver_attach+0x60/0x104)
[    9.488732] [<c05e8324>] (__driver_attach) from [<c05e58cc>] (bus_for_each_dev+0x80/0xcc)
[    9.496936] [<c05e58cc>] (bus_for_each_dev) from [<c05e6c68>] (bus_add_driver+0xf8/0x1e8)
[    9.505125] [<c05e6c68>] (bus_add_driver) from [<c05e8be0>] (driver_register+0x88/0x118)
[    9.513239] [<c05e8be0>] (driver_register) from [<bf0b4094>] (spidev_init+0x94/0x1000 [spidev])
[    9.521960] [<bf0b4094>] (spidev_init [spidev]) from [<c0101874>] (do_one_initcall+0x68/0x1f0)
[    9.530588] [<c0101874>] (do_one_initcall) from [<c01b6d34>] (do_init_module+0x40/0x244)
[    9.538691] [<c01b6d34>] (do_init_module) from [<c01b9a60>] (sys_finit_module+0xb8/0xf8)
[    9.546789] [<c01b9a60>] (sys_finit_module) from [<c01002a0>] (__sys_trace_return+0x0/0x20)
[    9.555141] Exception stack(0xc35fdfa8 to 0xc35fdff0)
[    9.560198] dfa0:                   b6eeec90 00b861b8 00000006 b6eedad8 00000000 b6eee7bc
[    9.568395] dfc0: b6eeec90 00b861b8 bafc8c00 0000017b 00b80ff0 00000000 00000000 00000000
[    9.576583] dfe0: beb72798 beb72788 b6ee8051 b6e1bdd2
[    9.607387] coda 2040000.vpu: Direct firmware load for vpu_fw_imx6q.bin failed with error -2
[    9.616477] coda 2040000.vpu: Direct firmware load for vpu/vpu_fw_imx6q.bin failed with error -2
[    9.694988] coda 2040000.vpu: Direct firmware load for v4l-coda960-imx6q.bin failed with error -2
[    9.706947] coda 2040000.vpu: firmware request failed
[    9.712113] ---[ end trace 19c0f79f26c463b6 ]---
[   11.326678] usbcore: registered new interface driver usbserial_generic
[   11.336313] usbserial: USB Serial support registered for generic
[   11.366011] usbcore: registered new interface driver ftdi_sio
[   11.371885] usbserial: USB Serial support registered for FTDI USB Serial Device
[   11.380217] ftdi_sio 1-1.1:1.0: FTDI USB Serial Device converter detected
[   11.391930] cdc_acm 1-1.2:1.0: ttyACM0: USB ACM device
[   11.402550] usb 1-1.1: Detected FT232RL
[   11.409944] usb 1-1.1: FTDI USB Serial Device converter now attached to ttyUSB0
[   11.410106] cdc_acm 1-1.3:1.0: ttyACM1: USB ACM device
[   11.447740] cdc_acm 1-1.4:1.0: ttyACM2: USB ACM device
[   11.462627] usbcore: registered new interface driver cdc_acm
[   11.468617] cdc_acm: USB Abstract Control Model driver for USB modems and ISDN adapters
[   11.760128] EXT4-fs (sda1): mounted filesystem with ordered data mode. Opts: (null)
[   12.696454] Micrel KSZ9031 Gigabit PHY 2188000.ethernet-1:07: attached PHY driver [Micrel KSZ9031 Gigabit PHY] (mii_bus:phy_addr=2188000.ethernet-1:07, irq=POLL)
[   12.756828] systemd-journald[228]: Oldest entry in /var/log/journal/a8281aabb76084893e65167c64d14c75/system.journal is older than the configured file retention duration (1month), suggesting rotation.
[   12.774680] systemd-journald[228]: /var/log/journal/a8281aabb76084893e65167c64d14c75/system.journal: Journal header limits reached or header out-of-date, rotating.
[   13.624214] systemd-journald[228]: Failed to read journal file /var/log/journal/a8281aabb76084893e65167c64d14c75/user-1001.journal for rotation, trying to move it out of the way: Text file busy
[   14.792858] fec 2188000.ethernet end0: Link is Up - 100Mbps/Half - flow control off
[   14.800591] IPv6: ADDRCONF(NETDEV_CHANGE): end0: link becomes ready
